[2026-09-16 05:57:43Z INFO HostContext] No proxy settings were found based on environmental variables (http_proxy/https_proxy/HTTP_PROXY/HTTPS_PROXY)
[2026-09-16 05:57:43Z INFO HostContext] Well known directory 'Bin': 'D:\OneDrive - SNP Technologies, Inc\employee-management-system\k8\actions-runner\bin'
[2026-09-16 05:57:43Z INFO HostContext] Well known directory 'Root': 'D:\OneDrive - SNP Technologies, Inc\employee-management-system\k8\actions-runner'
[2026-09-16 05:57:43Z INFO HostContext] Well known config file 'Credentials': 'D:\OneDrive - SNP Technologies, Inc\employee-management-system\k8\actions-runner\.credentials'
[2026-09-16 05:57:43Z INFO HostContext] Well known directory 'Bin': 'D:\OneDrive - SNP Technologies, Inc\employee-management-system\k8\actions-runner\bin'
[2026-09-16 05:57:43Z INFO HostContext] Well known directory 'Root': 'D:\OneDrive - SNP Technologies, Inc\employee-management-system\k8\actions-runner'
[2026-09-16 05:57:43Z INFO HostContext] Well known config file 'Runner': 'D:\OneDrive - SNP Technologies, Inc\employee-management-system\k8\actions-runner\.runner'
[2026-09-16 05:57:43Z INFO Listener] Runner is built for Windows (X64) - win-x64.
[2026-09-16 05:57:43Z INFO Listener] RuntimeInformation: Microsoft Windows 10.0.26200.
[2026-09-16 05:57:43Z INFO Listener] Version: 2.337.0
[2026-09-16 05:57:43Z INFO Listener] Commit: 397b032cbf865e9c3ddfab89d533ec19325e1273
[2026-09-16 05:57:43Z INFO Listener] Culture: en-US
[2026-09-16 05:57:43Z INFO Listener] UI Culture: en-US
[2026-09-16 05:57:43Z INFO HostContext] Well known directory 'Bin': 'D:\OneDrive - SNP Technologies, Inc\employee-management-system\k8\actions-runner\bin'
[2026-09-16 05:57:43Z INFO HostContext] Well known directory 'Root': 'D:\OneDrive - SNP Technologies, Inc\employee-management-system\k8\actions-runner'
[2026-09-16 05:57:43Z INFO Listener] Validating directory permissions for: 'D:\OneDrive - SNP Technologies, Inc\employee-management-system\k8\actions-runner'
[2026-09-16 05:57:43Z INFO CommandLineParser] Parse
[2026-09-16 05:57:43Z INFO CommandLineParser] Parsing 3 args
[2026-09-16 05:57:43Z INFO CommandLineParser] parsing argument
[2026-09-16 05:57:43Z INFO CommandLineParser] HasArgs: False
[2026-09-16 05:57:43Z INFO CommandLineParser] Adding Command: run
[2026-09-16 05:57:43Z INFO CommandLineParser] parsing argument
[2026-09-16 05:57:43Z INFO CommandLineParser] HasArgs: True
[2026-09-16 05:57:43Z INFO CommandLineParser] arg: startuptype
[2026-09-16 05:57:43Z INFO CommandLineParser] parsing argument
[2026-09-16 05:57:43Z INFO CommandLineParser] HasArgs: True
[2026-09-16 05:57:43Z INFO CommandLineParser] Adding option 'startuptype': 'service'
[2026-09-16 05:57:43Z INFO Listener] Arguments parsed
[2026-09-16 05:57:43Z INFO Runner] ExecuteCommand
[2026-09-16 05:57:43Z INFO ConfigurationStore] currentAssemblyLocation: D:\OneDrive - SNP Technologies, Inc\employee-management-system\k8\actions-runner\bin\Runner.Listener.dll
[2026-09-16 05:57:43Z INFO HostContext] Well known directory 'Bin': 'D:\OneDrive - SNP Technologies, Inc\employee-management-system\k8\actions-runner\bin'
[2026-09-16 05:57:43Z INFO ConfigurationStore] binPath: D:\OneDrive - SNP Technologies, Inc\employee-management-system\k8\actions-runner\bin
[2026-09-16 05:57:43Z INFO HostContext] Well known directory 'Bin': 'D:\OneDrive - SNP Technologies, Inc\employee-management-system\k8\actions-runner\bin'
[2026-09-16 05:57:43Z INFO HostContext] Well known directory 'Root': 'D:\OneDrive - SNP Technologies, Inc\employee-management-system\k8\actions-runner'
[2026-09-16 05:57:43Z INFO ConfigurationStore] RootFolder: D:\OneDrive - SNP Technologies, Inc\employee-management-system\k8\actions-runner
[2026-09-16 05:57:43Z INFO HostContext] Well known directory 'Bin': 'D:\OneDrive - SNP Technologies, Inc\employee-management-system\k8\actions-runner\bin'
[2026-09-16 05:57:43Z INFO HostContext] Well known directory 'Root': 'D:\OneDrive - SNP Technologies, Inc\employee-management-system\k8\actions-runner'
[2026-09-16 05:57:43Z INFO HostContext] Well known config file 'Runner': 'D:\OneDrive - SNP Technologies, Inc\employee-management-system\k8\actions-runner\.runner'
[2026-09-16 05:57:43Z INFO ConfigurationStore] ConfigFilePath: D:\OneDrive - SNP Technologies, Inc\employee-management-system\k8\actions-runner\.runner
[2026-09-16 05:57:43Z INFO HostContext] Well known directory 'Bin': 'D:\OneDrive - SNP Technologies, Inc\employee-management-system\k8\actions-runner\bin'
[2026-09-16 05:57:43Z INFO HostContext] Well known directory 'Root': 'D:\OneDrive - SNP Technologies, Inc\employee-management-system\k8\actions-runner'
[2026-09-16 05:57:43Z INFO HostContext] Well known config file 'MigratedRunner': 'D:\OneDrive - SNP Technologies, Inc\employee-management-system\k8\actions-runner\.runner_migrated'
[2026-09-16 05:57:43Z INFO ConfigurationStore] MigratedConfigFilePath: D:\OneDrive - SNP Technologies, Inc\employee-management-system\k8\actions-runner\.runner_migrated
[2026-09-16 05:57:43Z INFO HostContext] Well known directory 'Bin': 'D:\OneDrive - SNP Technologies, Inc\employee-management-system\k8\actions-runner\bin'
[2026-09-16 05:57:43Z INFO HostContext] Well known directory 'Root': 'D:\OneDrive - SNP Technologies, Inc\employee-management-system\k8\actions-runner'
[2026-09-16 05:57:43Z INFO HostContext] Well known config file 'Credentials': 'D:\OneDrive - SNP Technologies, Inc\employee-management-system\k8\actions-runner\.credentials'
[2026-09-16 05:57:43Z INFO ConfigurationStore] CredFilePath: D:\OneDrive - SNP Technologies, Inc\employee-management-system\k8\actions-runner\.credentials
[2026-09-16 05:57:43Z INFO HostContext] Well known directory 'Bin': 'D:\OneDrive - SNP Technologies, Inc\employee-management-system\k8\actions-runner\bin'
[2026-09-16 05:57:43Z INFO HostContext] Well known directory 'Root': 'D:\OneDrive - SNP Technologies, Inc\employee-management-system\k8\actions-runner'
[2026-09-16 05:57:43Z INFO HostContext] Well known config file 'MigratedCredentials': 'D:\OneDrive - SNP Technologies, Inc\employee-management-system\k8\actions-runner\.credentials_migrated'
[2026-09-16 05:57:43Z INFO ConfigurationStore] MigratedCredFilePath: D:\OneDrive - SNP Technologies, Inc\employee-management-system\k8\actions-runner\.credentials_migrated
[2026-09-16 05:57:43Z INFO HostContext] Well known directory 'Bin': 'D:\OneDrive - SNP Technologies, Inc\employee-management-system\k8\actions-runner\bin'
[2026-09-16 05:57:43Z INFO HostContext] Well known directory 'Root': 'D:\OneDrive - SNP Technologies, Inc\employee-management-system\k8\actions-runner'
[2026-09-16 05:57:43Z INFO HostContext] Well known config file 'Service': 'D:\OneDrive - SNP Technologies, Inc\employee-management-system\k8\actions-runner\.service'
[2026-09-16 05:57:43Z INFO ConfigurationStore] ServiceConfigFilePath: D:\OneDrive - SNP Technologies, Inc\employee-management-system\k8\actions-runner\.service
[2026-09-16 05:57:43Z INFO CommandSettings] Flag 'help': 'False'
[2026-09-16 05:57:43Z INFO CommandSettings] Flag 'version': 'False'
[2026-09-16 05:57:43Z INFO CommandSettings] Flag 'commit': 'False'
[2026-09-16 05:57:43Z INFO CommandSettings] Flag 'check': 'False'
[2026-09-16 05:57:43Z INFO CommandSettings] Command 'configure': 'False'
[2026-09-16 05:57:43Z INFO CommandSettings] Command 'remove': 'False'
[2026-09-16 05:57:43Z INFO CommandSettings] Command 'warmup': 'False'
[2026-09-16 05:57:43Z INFO ConfigurationManager] LoadSettings
[2026-09-16 05:57:43Z INFO ConfigurationStore] IsConfigured()
[2026-09-16 05:57:43Z INFO ConfigurationStore] IsConfigured: True
[2026-09-16 05:57:43Z INFO ConfigurationManager] Is configured: True
[2026-09-16 05:57:43Z INFO ConfigurationStore] Read setting file: 417 chars
[2026-09-16 05:57:43Z INFO ConfigurationManager] Settings Loaded
[2026-09-16 05:57:43Z INFO ConfigurationStore] IsServiceConfigured()
[2026-09-16 05:57:43Z INFO ConfigurationStore] IsServiceConfigured: True
[2026-09-16 05:57:43Z INFO CommandSettings] Command 'run': 'True'
[2026-09-16 05:57:43Z INFO ConfigurationStore] IsConfigured()
[2026-09-16 05:57:43Z INFO ConfigurationStore] IsConfigured: True
[2026-09-16 05:57:43Z INFO ConfigurationManager] Is configured: True
[2026-09-16 05:57:43Z INFO Runner] Set runner startup type - Service
[2026-09-16 05:57:43Z INFO CommandSettings] Flag 'once': 'False'
[2026-09-16 05:57:43Z INFO CommandSettings] Flag 'once': 'False'
[2026-09-16 05:57:43Z INFO Runner] RunAsync
[2026-09-16 05:57:43Z INFO HostContext] Well known directory 'Bin': 'D:\OneDrive - SNP Technologies, Inc\employee-management-system\k8\actions-runner\bin'
[2026-09-16 05:57:43Z INFO HostContext] Well known directory 'Root': 'D:\OneDrive - SNP Technologies, Inc\employee-management-system\k8\actions-runner'
[2026-09-16 05:57:43Z INFO HostContext] Well known directory 'Work': 'D:\OneDrive - SNP Technologies, Inc\employee-management-system\k8\actions-runner\_work'
[2026-09-16 05:57:43Z INFO Runner] Validating directory permissions for: 'D:\OneDrive - SNP Technologies, Inc\employee-management-system\k8\actions-runner\_work'
[2026-09-16 05:57:43Z INFO ConfigurationManager] LoadMigratedSettings
[2026-09-16 05:57:43Z INFO ConfigurationStore] IsMigratedConfigured()
[2026-09-16 05:57:43Z INFO ConfigurationStore] IsMigratedConfigured: False
[2026-09-16 05:57:43Z INFO Runner] Failed to load migrated settings: No migrated configuration found.
[2026-09-16 05:57:43Z INFO Runner] Falling back to original .runner settings
[2026-09-16 05:57:43Z INFO Runner] Using BrokerMessageListener
[2026-09-16 05:57:43Z INFO BrokerMessageListener] Using provided settings
[2026-09-16 05:57:43Z INFO BrokerMessageListener] {
  "AgentId": 4,
  "AgentName": "Ruchitha-laptop",
  "PoolId": 1,
  "PoolName": "Default",
  "ServerUrl": "https://pipelinesghubeus3.actions.githubusercontent.com/H9Kwf2y0hsMFIKZPI7aBFhHJ9CN5YKcmHYNyS8wDbQ3DEMfnxT/",
  "GitHubUrl": "https://github.com/Ruchitha1230/employee-management-system",
  "WorkFolder": "_work",
  "UseV2Flow": true,
  "ServerUrlV2": "https://broker.actions.githubusercontent.com/"
}
[2026-09-16 05:57:43Z INFO BrokerMessageListener] Loading Credentials
[2026-09-16 05:57:43Z INFO ConfigurationStore] HasCredentials()
[2026-09-16 05:57:43Z INFO ConfigurationStore] stored True
[2026-09-16 05:57:43Z INFO CredentialManager] GetCredentialProvider
[2026-09-16 05:57:43Z INFO CredentialManager] Creating type OAuth
[2026-09-16 05:57:43Z INFO CredentialManager] Creating credential type: OAuth
[2026-09-16 05:57:43Z INFO HostContext] Well known directory 'Bin': 'D:\OneDrive - SNP Technologies, Inc\employee-management-system\k8\actions-runner\bin'
[2026-09-16 05:57:43Z INFO HostContext] Well known directory 'Root': 'D:\OneDrive - SNP Technologies, Inc\employee-management-system\k8\actions-runner'
[2026-09-16 05:57:43Z INFO HostContext] Well known config file 'RSACredentials': 'D:\OneDrive - SNP Technologies, Inc\employee-management-system\k8\actions-runner\.credentials_rsaparams'
[2026-09-16 05:57:43Z INFO RSAEncryptedFileKeyManager] Loading RSA key parameters from file D:\OneDrive - SNP Technologies, Inc\employee-management-system\k8\actions-runner\.credentials_rsaparams
[2026-09-16 05:57:43Z INFO BrokerMessageListener] Attempt to create session.
[2026-09-16 05:57:43Z INFO BrokerMessageListener] Connecting to the Broker Server...
[2026-09-16 05:57:43Z INFO ConfigurationStore] HasCredentials()
[2026-09-16 05:57:43Z INFO ConfigurationStore] stored True
[2026-09-16 05:57:43Z INFO CredentialManager] GetCredentialProvider
[2026-09-16 05:57:43Z INFO CredentialManager] Creating type OAuth
[2026-09-16 05:57:43Z INFO CredentialManager] Creating credential type: OAuth
[2026-09-16 05:57:43Z INFO RSAEncryptedFileKeyManager] Loading RSA key parameters from file D:\OneDrive - SNP Technologies, Inc\employee-management-system\k8\actions-runner\.credentials_rsaparams
[2026-09-16 05:57:43Z INFO BrokerMessageListener] VssConnection created
[2026-09-16 05:57:43Z INFO BrokerMessageListener] Connecting to the Runner server...
[2026-09-16 05:57:43Z INFO RunnerServer] EstablishVssConnection
[2026-09-16 05:57:43Z INFO RunnerServer] Establish connection with 100 seconds timeout.
[2026-09-16 05:57:43Z INFO GitHubActionsService] Starting operation Location.GetConnectionData
[2026-09-16 05:57:43Z INFO RunnerServer] EstablishVssConnection
[2026-09-16 05:57:43Z INFO RunnerServer] Establish connection with 60 seconds timeout.
[2026-09-16 05:57:43Z INFO GitHubActionsService] Starting operation Location.GetConnectionData
[2026-09-16 05:57:43Z INFO RunnerServer] EstablishVssConnection
[2026-09-16 05:57:43Z INFO RunnerServer] Establish connection with 60 seconds timeout.
[2026-09-16 05:57:43Z INFO GitHubActionsService] Starting operation Location.GetConnectionData
[2026-09-16 05:57:45Z INFO GitHubActionsService] Finished operation Location.GetConnectionData
[2026-09-16 05:57:45Z INFO GitHubActionsService] Finished operation Location.GetConnectionData
[2026-09-16 05:57:45Z INFO GitHubActionsService] Finished operation Location.GetConnectionData
[2026-09-16 05:57:45Z INFO BrokerMessageListener] VssConnection created
[2026-09-16 05:57:45Z INFO Terminal] WRITE LINE: 
[2026-09-16 05:57:45Z INFO Terminal] WRITE LINE: 
[2026-09-16 05:57:45Z INFO RSAEncryptedFileKeyManager] Loading RSA key parameters from file D:\OneDrive - SNP Technologies, Inc\employee-management-system\k8\actions-runner\.credentials_rsaparams
[2026-09-16 05:57:45Z INFO RSAEncryptedFileKeyManager] Loading RSA key parameters from file D:\OneDrive - SNP Technologies, Inc\employee-management-system\k8\actions-runner\.credentials_rsaparams
[2026-09-16 05:57:47Z INFO GitHubActionsService] AAD Correlation ID for this token request: Unknown
[2026-09-16 05:57:47Z WARN GitHubActionsService] Retrieving an AAD auth token took a long time (2.2001786 seconds)
[2026-09-16 05:57:49Z INFO BrokerMessageListener] Session created.
[2026-09-16 05:57:49Z INFO Terminal] WRITE LINE: Current runner version: '2.337.0'
[2026-09-16 05:57:49Z INFO Terminal] WRITE LINE: 2026-09-16 05:57:49Z: Listening for Jobs
[2026-09-16 05:57:49Z INFO JobDispatcher] Set runner/worker IPC timeout to 30 seconds.
